  jacobi router: mean corrector calls in first 300 its = 1.47
  jacobi oracle: mean corrector calls in first 300 its = 1.48
  jacobi hints25: mean corrector calls in first 300 its = 11.00
  jacobi hints5: mean corrector calls in first 300 its = 54.48
  jacobi_0.67 router: mean corrector calls in first 300 its = 2.00
  jacobi_0.67 oracle: mean corrector calls in first 300 its = 2.00
  jacobi_0.67 hints25: mean corrector calls in first 300 its = 2.00
  jacobi_0.67 hints5: mean corrector calls in first 300 its = 5.58
  gs router: mean corrector calls in first 300 its = 3.08
  gs oracle: mean corrector calls in first 300 its = 3.11
  gs hints25: mean corrector calls in first 300 its = 3.00
  gs hints5: mean corrector calls in first 300 its = 4.00
  ssor router: mean corrector calls in first 300 its = 2.75
  ssor oracle: mean corrector calls in first 300 its = 2.77
  ssor hints25: mean corrector calls in first 300 its = 3.00
  ssor hints5: mean corrector calls in first 300 its = 3.00
  sor_1.5 router: mean corrector calls in first 300 its = 3.08
  sor_1.5 oracle: mean corrector calls in first 300 its = 3.00
  sor_1.5 hints25: mean corrector calls in first 300 its = 3.02
  sor_1.5 hints5: mean corrector calls in first 300 its = 6.62
saved ./results/usage_ConvDiff_128.json
